  Файл: /home/user1
  Размер: 137       	Блоков: 0          Блок В/В: 4096   каталог
Устройство: 252/0	Инода: 1937907     Ссылки: 2
Доступ: (0700/drwx------)  Uid: ( 1234/   user1)   Gid: ( 1000/students)
Контекст: unconfined_u:object_r:user_home_dir_t:s0
Доступ:        2026-10-03 19:14:54.267946080 +0300
Модифицирован: 2026-10-03 19:13:02.030623174 +0300
Изменён:       2026-10-03 19:13:02.030623174 +0300
Создан:        2026-10-03 18:40:33.922153765 +0300
  Файл: /home/user1/magic_cat
  Размер: 40744     	Блоков: 80         Блок В/В: 4096   обычный файл
Устройство: 252/0	Инода: 1937915     Ссылки: 1
Доступ: (4755/-rwsr-xr-x)  Uid: (    0/    root)   Gid: (    0/    root)
Контекст: unconfined_u:object_r:user_home_t:s0
Доступ:        2026-10-03 19:05:10.368429228 +0300
Модифицирован: 2026-10-03 19:03:40.924498228 +0300
Изменён:       2026-10-03 19:04:19.511605635 +0300
Создан:        2026-10-03 19:03:40.924498228 +0300
  Файл: /home/user1/magic_chown
  Размер: 65952     	Блоков: 136        Блок В/В: 4096   обычный файл
Устройство: 252/0	Инода: 1937917     Ссылки: 1
Доступ: (4755/-rwsr-xr-x)  Uid: (    0/    root)   Gid: (    0/    root)
Контекст: unconfined_u:object_r:user_home_t:s0
Доступ:        2026-10-03 19:15:00.214804236 +0300
Модифицирован: 2026-10-03 19:12:08.975888635 +0300
Изменён:       2026-10-03 19:14:56.055903433 +0300
Создан:        2026-10-03 19:12:08.975888635 +0300
